../Drivers/CMSIS/Include/core_cm4.h:2064:26:ITM_SendChar	4
../Core/Src/main.c:93:5:__io_putchar	1
../Core/Src/main.c:98:5:_write	2
../Core/Src/main.c:109:6:cs_sel	1
../Core/Src/main.c:114:6:cs_desel	1
../Core/Src/main.c:119:9:spi_rb	1
../Core/Src/main.c:125:6:spi_wb	1
../Core/Src/main.c:129:6:wizChipInit	1
../Core/Src/main.c:136:9:checkLinkStatus	2
../Core/Src/main.c:146:6:resetSequence	1
../Core/Src/main.c:154:6:trigger_relay	1
../Core/Src/main.c:162:6:http_get_boomsig	6
../Core/Src/main.c:189:6:http_post_vehicle_event	7
../Core/Src/main.c:258:6:checkLoopSequence	26
../Core/Src/main.c:337:5:main	2
../Core/Src/main.c:394:6:SystemClock_Config	3
../Core/Src/main.c:441:13:MX_SPI1_Init	2
../Core/Src/main.c:479:13:MX_USART2_UART_Init	2
../Core/Src/main.c:512:13:MX_GPIO_Init	1
../Core/Src/main.c:574:6:Error_Handler	1
