../Drivers/CMSIS/Include/core_cm4.h:2064:26:ITM_SendChar	16	static,ignoring_inline_asm
../Core/Src/main.c:93:5:__io_putchar	16	static
../Core/Src/main.c:98:5:_write	32	static
../Core/Src/main.c:109:6:cs_sel	8	static
../Core/Src/main.c:114:6:cs_desel	8	static
../Core/Src/main.c:119:9:spi_rb	16	static
../Core/Src/main.c:125:6:spi_wb	16	static
../Core/Src/main.c:129:6:wizChipInit	16	static
../Core/Src/main.c:136:9:checkLinkStatus	16	static
../Core/Src/main.c:146:6:resetSequence	4	static
../Core/Src/main.c:154:6:trigger_relay	8	static
../Core/Src/main.c:162:6:http_get_boomsig	624	static
../Core/Src/main.c:189:6:http_post_vehicle_event	928	static
../Core/Src/main.c:258:6:checkLoopSequence	16	static
../Core/Src/main.c:337:5:main	8	static
../Core/Src/main.c:394:6:SystemClock_Config	88	static
../Core/Src/main.c:441:13:MX_SPI1_Init	8	static
../Core/Src/main.c:479:13:MX_USART2_UART_Init	8	static
../Core/Src/main.c:512:13:MX_GPIO_Init	48	static
../Core/Src/main.c:574:6:Error_Handler	4	static,ignoring_inline_asm
