../Core/Src/main.c:84:6:cs_sel	1
../Core/Src/main.c:89:6:cs_desel	1
../Core/Src/main.c:94:9:spi_rb	1
../Core/Src/main.c:100:6:spi_wb	1
../Core/Src/main.c:104:6:wizChipInit	1
../Core/Src/main.c:111:9:checkLinkStatus	1
../Core/Src/main.c:121:6:trigger_relay	1
../Core/Src/main.c:129:6:http_get_boomsig	6
../Core/Src/main.c:156:6:http_post_vehicle_event	4
../Core/Src/main.c:188:6:checkLoopSequence	6
../Core/Src/main.c:217:6:Relay_ON	1
../Core/Src/main.c:222:6:Relay_OFF	1
../Core/Src/main.c:293:6:SystemClock_Config	3
../Core/Src/main.c:232:5:main	3
../Core/Src/main.c:473:6:Error_Handler	1
