../Core/Src/main.c:84:6:cs_sel	0	static
../Core/Src/main.c:89:6:cs_desel	0	static
../Core/Src/main.c:94:9:spi_rb	16	static
../Core/Src/main.c:100:6:spi_wb	16	static
../Core/Src/main.c:104:6:wizChipInit	16	static
../Core/Src/main.c:111:9:checkLinkStatus	8	static
../Core/Src/main.c:121:6:trigger_relay	8	static
../Core/Src/main.c:129:6:http_get_boomsig	608	static
../Core/Src/main.c:156:6:http_post_vehicle_event	520	static
../Core/Src/main.c:188:6:checkLoopSequence	16	static
../Core/Src/main.c:217:6:Relay_ON	0	static
../Core/Src/main.c:222:6:Relay_OFF	0	static
../Core/Src/main.c:293:6:SystemClock_Config	96	static,ignoring_inline_asm
../Core/Src/main.c:232:5:main	48	static,ignoring_inline_asm
../Core/Src/main.c:473:6:Error_Handler	0	static,ignoring_inline_asm
