../Core/Src/socket.c:418:15:connect_IO_6	32	static
../Core/Src/socket.c:751:16:sendto_IO_6	40	static
../Core/Src/socket.c:344:8:close	24	static
../Core/Src/socket.c:196:8:socket	32	static
../Core/Src/socket.c:909:16:recvfrom_IO_6.isra	56	static
../Core/Src/socket.c:387:8:listen	16	static
../Core/Src/socket.c:402:8:connect_W5x00	0	static
../Core/Src/socket.c:410:8:connect_W6x00	0	static
../Core/Src/socket.c:484:8:disconnect	24	static
../Core/Src/socket.c:509:9:send	48	static
../Core/Src/socket.c:625:9:recv	56	static
../Core/Src/socket.c:739:9:sendto_W5x00	16	static
../Core/Src/socket.c:745:9:sendto_W6x00	8	static
../Core/Src/socket.c:897:9:recvfrom_W5x00	0	static
../Core/Src/socket.c:904:9:recvfrom_W6x00	0	static
../Core/Src/socket.c:1149:9:ctlsocket	8	static
../Core/Src/socket.c:1204:9:setsockopt	16	static
../Core/Src/socket.c:1262:8:getsockopt	16	static
